Archive member included to satisfy reference by file (symbol)

/home/swseo/fsl-release-bsp/build/tmp/sysroots/imx6dlsabresd/usr/lib/arm-poky-linux-gnueabi/5.2.0/libgcc.a(_udivsi3.o)
                              arch/arm/cpu/armv7/built-in.o (__aeabi_uidiv)
/home/swseo/fsl-release-bsp/build/tmp/sysroots/imx6dlsabresd/usr/lib/arm-poky-linux-gnueabi/5.2.0/libgcc.a(_divsi3.o)
                              common/built-in.o (__aeabi_idiv)
/home/swseo/fsl-release-bsp/build/tmp/sysroots/imx6dlsabresd/usr/lib/arm-poky-linux-gnueabi/5.2.0/libgcc.a(_lshrdi3.o)
                              fs/built-in.o (__aeabi_llsr)
/home/swseo/fsl-release-bsp/build/tmp/sysroots/imx6dlsabresd/usr/lib/arm-poky-linux-gnueabi/5.2.0/libgcc.a(_ashldi3.o)
                              drivers/mmc/built-in.o (__aeabi_llsl)
/home/swseo/fsl-release-bsp/build/tmp/sysroots/imx6dlsabresd/usr/lib/arm-poky-linux-gnueabi/5.2.0/libgcc.a(_dvmd_lnx.o)
                              /home/swseo/fsl-release-bsp/build/tmp/sysroots/imx6dlsabresd/usr/lib/arm-poky-linux-gnueabi/5.2.0/libgcc.a(_udivsi3.o) (__aeabi_idiv0)

Discarded input sections

 .data          0x0000000000000000        0x0 arch/arm/cpu/armv7/start.o
 .bss           0x0000000000000000        0x0 arch/arm/cpu/armv7/start.o
 .text.v7_outer_cache_flush_all
                0x0000000000000000        0x4 arch/arm/cpu/armv7/built-in.o
 .text.v7_outer_cache_inval_all
                0x0000000000000000        0x4 arch/arm/cpu/armv7/built-in.o
 .text.v7_outer_cache_flush_range
                0x0000000000000000        0x4 arch/arm/cpu/armv7/built-in.o
 .text.v7_outer_cache_inval_range
                0x0000000000000000        0x4 arch/arm/cpu/armv7/built-in.o
 .text.v7_arch_cp15_set_l2aux_ctrl
                0x0000000000000000        0x8 arch/arm/cpu/armv7/built-in.o
 .text.v7_arch_cp15_set_acr
                0x0000000000000000        0x8 arch/arm/cpu/armv7/built-in.o
 .text.sdelay   0x0000000000000000        0xc arch/arm/cpu/armv7/built-in.o
 .text.wait_on_value
                0x0000000000000000       0x34 arch/arm/cpu/armv7/built-in.o
 .text.get_boot_device
                0x0000000000000000       0x9c arch/arm/cpu/armv7/built-in.o
 .text.set_arm_freq_400M
                0x0000000000000000       0x2c arch/arm/cpu/armv7/built-in.o
 .text.enable_enet_pll
                0x0000000000000000       0x68 arch/arm/cpu/armv7/built-in.o
 .text.enable_enet_clk
                0x0000000000000000       0x24 arch/arm/cpu/armv7/built-in.o
 .text.enable_uart_clk
                0x0000000000000000       0x24 arch/arm/cpu/armv7/built-in.o
 .text.enable_usdhc_clk
                0x0000000000000000       0x4c arch/arm/cpu/armv7/built-in.o
 .text.enable_spi_clk
                0x0000000000000000       0x44 arch/arm/cpu/armv7/built-in.o
 .text.enable_fec_anatop_clock
                0x0000000000000000       0x98 arch/arm/cpu/armv7/built-in.o
 .text.enable_sata_clock
                0x0000000000000000       0x1c arch/arm/cpu/armv7/built-in.o
 .text.disable_sata_clock
                0x0000000000000000       0x18 arch/arm/cpu/armv7/built-in.o
 .text.enable_pcie_clock
                0x0000000000000000       0x70 arch/arm/cpu/armv7/built-in.o
 .data          0x0000000000000000        0x0 arch/arm/cpu/armv7/built-in.o
 .bss           0x0000000000000000        0x0 arch/arm/cpu/armv7/built-in.o
 .text          0x0000000000000000        0x0 arch/arm/imx-common/built-in.o
 .text.get_imx_reset_cause
                0x0000000000000000       0x10 arch/arm/imx-common/built-in.o
 .text.set_chipselect_size
                0x0000000000000000       0x84 arch/arm/imx-common/built-in.o
 .text.mxs_wait_mask_set
                0x0000000000000000       0x3c arch/arm/imx-common/built-in.o
 .text.mxs_wait_mask_clr
                0x0000000000000000       0x3c arch/arm/imx-common/built-in.o
 .text.mxs_reset_block
                0x0000000000000000       0x90 arch/arm/imx-common/built-in.o
 .text.detect_hdmi
                0x0000000000000000       0x18 arch/arm/imx-common/built-in.o
 .text.usec2ticks
                0x0000000000000000       0x68 arch/arm/imx-common/built-in.o
 .data          0x0000000000000000        0x0 arch/arm/imx-common/built-in.o
 .bss           0x0000000000000000        0x0 arch/arm/imx-common/built-in.o
 .text.reset_misc
                0x0000000000000000        0x4 arch/arm/lib/built-in.o
 .text.flush_cache
                0x0000000000000000        0x4 arch/arm/lib/built-in.o
 .text.flush_dcache_all
                0x0000000000000000        0xc arch/arm/lib/built-in.o
 .text.enable_caches
                0x0000000000000000        0xc arch/arm/lib/built-in.o
 .text.arm_init_before_mmu
                0x0000000000000000        0x4 arch/arm/lib/built-in.o
 .text.mmu_page_table_flush
                0x0000000000000000        0x4 arch/arm/lib/built-in.o
 .rodata.pl310  0x0000000000000000        0x4 arch/arm/lib/built-in.o
 .data          0x0000000000000000        0x0 arch/arm/lib/built-in.o
 .__secure_start
[...]
Memory Configuration

Name             Origin             Length             Attributes
*default*        0x0000000000000000 0xffffffffffffffff

Linker script and memory map

Address of section .text set to 0x17800000
                0x0000000000000000                . = 0x0
                0x0000000000000000                . = ALIGN (0x4)

.text           0x0000000017800000    0x3d4d0
 *(.__image_copy_start)
 .__image_copy_start
                0x0000000017800000        0x0 arch/arm/lib/built-in.o
                0x0000000017800000                __image_copy_start
 *(.vectors)
 .vectors       0x0000000017800000      0x300 arch/arm/lib/built-in.o
                0x0000000017800000                _start
                0x0000000017800020                _undefined_instruction
                0x0000000017800024                _software_interrupt
                0x0000000017800028                _prefetch_abort
                0x000000001780002c                _data_abort
                0x0000000017800030                _not_used
                0x0000000017800034                _irq
                0x0000000017800038                _fiq
                0x0000000017800040                IRQ_STACK_START_IN
 arch/arm/cpu/armv7/start.o(.text*)
 .text          0x0000000017800300       0xec arch/arm/cpu/armv7/start.o
                0x0000000017800300                reset
                0x0000000017800304                save_boot_params_ret
                0x0000000017800340                c_runtime_cpu_setup
                0x0000000017800350                save_boot_params
                0x0000000017800354                cpu_init_cp15
                0x00000000178003e4                cpu_init_crit
 *(.text*)
 .text          0x00000000178003ec       0x1c arch/arm/cpu/armv7/built-in.o
                0x00000000178003ec                lowlevel_init
 .text.v7_maint_dcache_all
                0x0000000017800408       0xd4 arch/arm/cpu/armv7/built-in.o
 .text.invalidate_icache_all
                0x00000000178004dc       0x18 arch/arm/cpu/armv7/built-in.o
                0x00000000178004dc                invalidate_icache_all
 .text.v7_outer_cache_enable
                0x00000000178004f4       0x6c arch/arm/cpu/armv7/built-in.o
                0x00000000178004f8                v7_outer_cache_enable
 .text.v7_outer_cache_disable
                0x0000000017800560       0x1c arch/arm/cpu/armv7/built-in.o
                0x0000000017800564                v7_outer_cache_disable
 .text.flush_dcache_all
                0x000000001780057c       0x14 arch/arm/cpu/armv7/built-in.o
                0x000000001780057c                flush_dcache_all
 .text.invalidate_dcache_all
                0x0000000017800590       0x14 arch/arm/cpu/armv7/built-in.o
                0x0000000017800590                invalidate_dcache_all
 .text.arm_init_before_mmu
                0x00000000178005a4       0x28 arch/arm/cpu/armv7/built-in.o
                0x00000000178005a4                arm_init_before_mmu
 .text.flush_dcache_range
                0x00000000178005cc       0x3c arch/arm/cpu/armv7/built-in.o
                0x00000000178005cc                flush_dcache_range
 .text.mmu_page_table_flush
                0x0000000017800608       0x24 arch/arm/cpu/armv7/built-in.o
                0x0000000017800608                mmu_page_table_flush
 .text.flush_cache
                0x000000001780062c        0x8 arch/arm/cpu/armv7/built-in.o
                0x000000001780062c                flush_cache
 .text.invalidate_dcache_range
                0x0000000017800634       0xac arch/arm/cpu/armv7/built-in.o
                0x0000000017800634                invalidate_dcache_range
 .text.cpu_cache_initialization
                0x00000000178006e0        0x4 arch/arm/cpu/armv7/built-in.o
                0x00000000178006e0                cpu_cache_initialization
 .text.cleanup_before_linux
                0x00000000178006e4       0x28 arch/arm/cpu/armv7/built-in.o
                0x00000000178006e4                cleanup_before_linux
 .text.get_nr_cpus
                0x000000001780070c       0x10 arch/arm/cpu/armv7/built-in.o
                0x000000001780070c                get_nr_cpus
 .text.get_cpu_rev
                0x000000001780071c       0x68 arch/arm/cpu/armv7/built-in.o
                0x000000001780071c                get_cpu_rev
 .text.get_board_rev
                0x0000000017800784       0x30 arch/arm/cpu/armv7/built-in.o
                0x0000000017800784                get_board_rev
 .text.init_aips
                0x00000000178007b4       0x58 arch/arm/cpu/armv7/built-in.o
                0x00000000178007b4                init_aips
 .text.arch_cpu_init
                0x000000001780080c      0x1e0 arch/arm/cpu/armv7/built-in.o
                0x000000001780080c                arch_cpu_init
 .text.board_postclk_init
                0x00000000178009ec       0x58 arch/arm/cpu/armv7/built-in.o
                0x00000000178009ec                board_postclk_init
 .text.enable_caches
                0x0000000017800a44       0x34 arch/arm/cpu/armv7/built-in.o
                0x0000000017800a44                enable_caches
 .text.imx_get_mac_from_fuse
                0x0000000017800a78       0x3c arch/arm/cpu/armv7/built-in.o
                0x0000000017800a78                imx_get_mac_from_fuse
 .text.boot_mode_apply
                0x0000000017800ab4       0x24 arch/arm/cpu/armv7/built-in.o
                0x0000000017800ab4                boot_mode_apply
 .text.s_init   0x0000000017800ad8       0x88 arch/arm/cpu/armv7/built-in.o
                0x0000000017800ad8                s_init
 .text.set_wdog_reset
                0x0000000017800b60       0x18 arch/arm/cpu/armv7/built-in.o
                0x0000000017800b60                set_wdog_reset
 .text.reset_misc
                0x0000000017800b78        0x4 arch/arm/cpu/armv7/built-in.o
                0x0000000017800b78                reset_misc
 .text.check_ldo_bypass
                0x0000000017800b7c       0x78 arch/arm/cpu/armv7/built-in.o
                0x0000000017800b7c                check_ldo_bypass
 .text.check_1_2G
                0x0000000017800bf4       0x5c arch/arm/cpu/armv7/built-in.o
                0x0000000017800bf4                check_1_2G
 .text.prep_anatop_bypass
                0x0000000017800c50       0x6c arch/arm/cpu/armv7/built-in.o
                0x0000000017800c50                prep_anatop_bypass
 .text.set_anatop_bypass
                0x0000000017800cbc       0x50 arch/arm/cpu/armv7/built-in.o
                0x0000000017800cbc                set_anatop_bypass
 .text.finish_anatop_bypass
                0x0000000017800d0c       0x24 arch/arm/cpu/armv7/built-in.o
                0x0000000017800d0c                finish_anatop_bypass
 .text.imx_enable_hdmi_phy
                0x0000000017800d30       0x4c arch/arm/cpu/armv7/built-in.o
                0x0000000017800d30                imx_enable_hdmi_phy
 .text.imx_setup_hdmi
                0x0000000017800d7c       0x78 arch/arm/cpu/armv7/built-in.o
                0x0000000017800d7c                imx_setup_hdmi
 .text.get_ipg_clk
                0x0000000017800df4       0x28 arch/arm/cpu/armv7/built-in.o
 .text.get_uart_clk
                0x0000000017800e1c       0x54 arch/arm/cpu/armv7/built-in.o
 .text.mxc_get_pll_pfd
                0x0000000017800e70       0xa0 arch/arm/cpu/armv7/built-in.o
 .text.get_usdhc_clk
                0x0000000017800f10       0x8c arch/arm/cpu/armv7/built-in.o
 .text.enable_ocotp_clk
                0x0000000017800f9c       0x24 arch/arm/cpu/armv7/built-in.o
                0x0000000017800f9c                enable_ocotp_clk
 .text.enable_usboh3_clk
                0x0000000017800fc0       0x24 arch/arm/cpu/armv7/built-in.o
                0x0000000017800fc0                enable_usboh3_clk
 .text.enable_i2c_clk
                0x0000000017800fe4       0x48 arch/arm/cpu/armv7/built-in.o
                0x0000000017800fe4                enable_i2c_clk
 .text.get_periph_clk
                0x000000001780102c       0xdc arch/arm/cpu/armv7/built-in.o
                0x000000001780102c                get_periph_clk
 .text.get_axi_clk
                0x0000000017801108       0x4c arch/arm/cpu/armv7/built-in.o
 .text.imx_get_uartclk
                0x0000000017801154        0x4 arch/arm/cpu/armv7/built-in.o
                0x0000000017801154                imx_get_uartclk
 .text.enable_thermal_clk
                0x0000000017801158       0x48 arch/arm/cpu/armv7/built-in.o
                0x0000000017801158                enable_thermal_clk
 .text.mxc_get_clock
                0x00000000178011a0      0x1c8 arch/arm/cpu/armv7/built-in.o
                0x00000000178011a0                mxc_get_clock
 .text.imx_get_fecclk
                0x0000000017801368        0x8 arch/arm/cpu/armv7/built-in.o
                0x0000000017801368                imx_get_fecclk
 .text.do_mx6_showclocks
                0x0000000017801370      0x24c arch/arm/cpu/armv7/built-in.o
                0x0000000017801370                do_mx6_showclocks
 .text.enable_ipu_clock
                0x00000000178015bc       0x18 arch/arm/cpu/armv7/built-in.o
                0x00000000178015bc                enable_ipu_clock
 .text.cpu_reset
                0x00000000178015d4       0x28 arch/arm/cpu/armv7/built-in.o
                0x00000000178015d4                cpu_reset
 .text.cpu_status
                0x00000000178015fc       0x40 arch/arm/cpu/armv7/built-in.o
                0x00000000178015fc                cpu_status
 .text.cpu_release
                0x000000001780163c       0x84 arch/arm/cpu/armv7/built-in.o
                0x000000001780163c                cpu_release
 .text.is_core_valid
                0x00000000178016c0       0x1c arch/arm/cpu/armv7/built-in.o
                0x00000000178016c0                is_core_valid
 .text.cpu_disable
                0x00000000178016dc       0x28 arch/arm/cpu/armv7/built-in.o
                0x00000000178016dc                cpu_disable
 .text.imx_iomux_v3_setup_pad
                0x0000000017801704       0xb0 arch/arm/imx-common/built-in.o
                0x0000000017801704                imx_iomux_v3_setup_pad
 .text.imx_iomux_v3_setup_multiple_pads
                0x00000000178017b4       0x2c arch/arm/imx-common/built-in.o
                0x00000000178017b4                imx_iomux_v3_setup_multiple_pads
 .text.imx_iomux_set_gpr_register
                0x00000000178017e0       0x3c arch/arm/imx-common/built-in.o
                0x00000000178017e0                imx_iomux_set_gpr_register
 .text.imx_ddr_size
                0x000000001780181c       0x64 arch/arm/imx-common/built-in.o
                0x000000001780181c                imx_ddr_size
 .text.get_imx_type
                0x0000000017801880       0x20 arch/arm/imx-common/built-in.o
                0x0000000017801880                get_imx_type
 .text.print_cpuinfo
                0x00000000178018a0      0x1e0 arch/arm/imx-common/built-in.o
                0x00000000178018a0                print_cpuinfo
 .text.cpu_eth_init
                0x0000000017801a80        0x4 arch/arm/imx-common/built-in.o
                0x0000000017801a80                cpu_eth_init
 .text.cpu_mmc_init
                0x0000000017801a84        0x4 arch/arm/imx-common/built-in.o
                0x0000000017801a84                cpu_mmc_init
 .text.get_ahb_clk
                0x0000000017801a88       0x24 arch/arm/imx-common/built-in.o
                0x0000000017801a88                get_ahb_clk
 .text.arch_preboot_os
                0x0000000017801aac       0x14 arch/arm/imx-common/built-in.o
                0x0000000017801aac                arch_preboot_os
 .text.get_clocks
                0x0000000017801ac0       0x1c arch/arm/imx-common/built-in.o
                0x0000000017801ac0                get_clocks
 .text.force_idle_bus
                0x0000000017801adc      0x1c4 arch/arm/imx-common/built-in.o
 .text.setup_i2c
                0x0000000017801ca0       0xec arch/arm/imx-common/built-in.o
                0x0000000017801ca0                setup_i2c
 .text.board_video_skip
                0x0000000017801d8c      0x16c arch/arm/imx-common/built-in.o
                0x0000000017801d8c                board_video_skip
 .text.timer_init
                0x0000000017801ef8      0x13c arch/arm/imx-common/built-in.o
                0x0000000017801ef8                timer_init
 .text.get_ticks
                0x0000000017802034       0x44 arch/arm/imx-common/built-in.o
                0x0000000017802034                get_ticks
 .text.get_timer_masked
                0x0000000017802078       0xf0 arch/arm/imx-common/built-in.o
                0x0000000017802078                get_timer_masked
 .text.get_timer
                0x0000000017802168       0x14 arch/arm/imx-common/built-in.o
                0x0000000017802168                get_timer
 *fill*         0x000000001780217c        0x4 
 .text.__udelay
                0x0000000017802180      0x130 arch/arm/imx-common/built-in.o
                0x0000000017802180                __udelay
 .text.get_tbclk
                0x00000000178022b0       0x94 arch/arm/imx-common/built-in.o
                0x00000000178022b0                get_tbclk
 .text.create_usage
                0x0000000017802344       0xac arch/arm/imx-common/built-in.o
 .text.do_boot_mode
                0x00000000178023f0       0xcc arch/arm/imx-common/built-in.o
 .text.add_board_boot_modes
                0x00000000178024bc       0x60 arch/arm/imx-common/built-in.o
                0x00000000178024bc                add_board_boot_modes
 .text          0x000000001780251c       0xa8 arch/arm/lib/built-in.o
                0x000000001780251c                _main
 .text.relocate_vectors
                0x00000000178025c4       0x70 arch/arm/lib/built-in.o
                0x00000000178025c4                relocate_vectors
                0x00000000178025d0                relocate_code
 .text.arch_fixup_fdt
                0x0000000017802634       0x38 arch/arm/lib/built-in.o
                0x0000000017802634                arch_fixup_fdt
 .text.boot_jump_linux
                0x000000001780266c       0xc4 arch/arm/lib/built-in.o
 .text.arch_lmb_reserve
                0x0000000017802730       0x24 arch/arm/lib/built-in.o
                0x0000000017802730                arch_lmb_reserve
 .text.setup_board_tags
                0x0000000017802754        0x4 arch/arm/lib/built-in.o
                0x0000000017802754                setup_board_tags
 .text.boot_prep_linux
                0x0000000017802758      0x190 arch/arm/lib/built-in.o
 .text.do_bootm_linux
                0x00000000178028e8       0x64 arch/arm/lib/built-in.o
                0x00000000178028e8                do_bootm_linux
 .text.bootz_setup
                0x000000001780294c       0x58 arch/arm/lib/built-in.o
                0x000000001780294c                bootz_setup
 .text.boot_prep_vxworks
                0x00000000178029a4       0x50 arch/arm/lib/built-in.o
                0x00000000178029a4                boot_prep_vxworks
 .text.boot_jump_vxworks
                0x00000000178029f4        0xc arch/arm/lib/built-in.o
                0x00000000178029f4                boot_jump_vxworks
 .text.pl310_background_op_all_ways
                0x0000000017802a00       0x38 arch/arm/lib/built-in.o
 .text.v7_outer_cache_inval_all
                0x0000000017802a38        0xc arch/arm/lib/built-in.o
                0x0000000017802a38                v7_outer_cache_inval_all
 .text.v7_outer_cache_flush_all
                0x0000000017802a44        0xc arch/arm/lib/built-in.o
                0x0000000017802a44                v7_outer_cache_flush_all
 .text.v7_outer_cache_flush_range
                0x0000000017802a50       0x30 arch/arm/lib/built-in.o
                0x0000000017802a50                v7_outer_cache_flush_range
 .text.v7_outer_cache_inval_range
                0x0000000017802a80       0x80 arch/arm/lib/built-in.o
                0x0000000017802a80                v7_outer_cache_inval_range
 .text.arch_reserve_stacks
                0x0000000017802b00       0x1c arch/arm/lib/built-in.o
                0x0000000017802b00                arch_reserve_stacks
 .text.interrupt_init
                0x0000000017802b1c       0x1c arch/arm/lib/built-in.o
                0x0000000017802b1c                interrupt_init
 .text.enable_interrupts
                0x0000000017802b38        0x4 arch/arm/lib/built-in.o
                0x0000000017802b38                enable_interrupts
 .text.disable_interrupts
                0x0000000017802b3c        0x8 arch/arm/lib/built-in.o
                0x0000000017802b3c                disable_interrupts
 .text.bad_mode
                0x0000000017802b44       0x10 arch/arm/lib/built-in.o
                0x0000000017802b44                bad_mode
 .text.show_regs
                0x0000000017802b54      0x174 arch/arm/lib/built-in.o
                0x0000000017802b54                show_regs
 .text.do_undefined_instruction
                0x0000000017802cc8       0x20 arch/arm/lib/built-in.o
                0x0000000017802cc8                do_undefined_instruction
 .text.do_software_interrupt
                0x0000000017802ce8       0x20 arch/arm/lib/built-in.o
                0x0000000017802ce8                do_software_interrupt
 .text.do_prefetch_abort
                0x0000000017802d08       0x20 arch/arm/lib/built-in.o
                0x0000000017802d08                do_prefetch_abort
 .text.do_data_abort
                0x0000000017802d28       0x20 arch/arm/lib/built-in.o
                0x0000000017802d28                do_data_abort
 .text.do_not_used
                0x0000000017802d48       0x20 arch/arm/lib/built-in.o
                0x0000000017802d48                do_not_used
 .text.do_fiq   0x0000000017802d68       0x20 arch/arm/lib/built-in.o
                0x0000000017802d68                do_fiq
 .text.do_irq   0x0000000017802d88       0x20 arch/arm/lib/built-in.o
                0x0000000017802d88                do_irq
 .text.do_reset
                0x0000000017802da8       0x30 arch/arm/lib/built-in.o
                0x0000000017802da8                do_reset
 .text.cp_delay
                0x0000000017802dd8       0x30 arch/arm/lib/built-in.o
 .text.cache_disable
                0x0000000017802e08       0x54 arch/arm/lib/built-in.o
 .text.arm_init_domains
                0x0000000017802e5c        0x4 arch/arm/lib/built-in.o
                0x0000000017802e5c                arm_init_domains
 .text.set_section_dcache
                0x0000000017802e60       0x14 arch/arm/lib/built-in.o
                0x0000000017802e60                set_section_dcache
 .text.mmu_set_region_dcache_behaviour
                0x0000000017802e74       0x4c arch/arm/lib/built-in.o
                0x0000000017802e74                mmu_set_region_dcache_behaviour
 .text.dram_bank_mmu_setup
                0x0000000017802ec0       0x44 arch/arm/lib/built-in.o
                0x0000000017802ec0                dram_bank_mmu_setup
 .text.icache_enable
                0x0000000017802f04       0x18 arch/arm/lib/built-in.o
                0x0000000017802f04                icache_enable
 .text.icache_disable
                0x0000000017802f1c        0x8 arch/arm/lib/built-in.o
                0x0000000017802f1c                icache_disable
 .text.icache_status
                0x0000000017802f24        0xc arch/arm/lib/built-in.o
                0x0000000017802f24                icache_status
 .text.dcache_enable
                0x0000000017802f30       0x70 arch/arm/lib/built-in.o
                0x0000000017802f30                dcache_enable
 .text.dcache_disable
                0x0000000017802fa0        0x8 arch/arm/lib/built-in.o
                0x0000000017802fa0                dcache_disable
 .text.dcache_status
                0x0000000017802fa8        0xc arch/arm/lib/built-in.o
                0x0000000017802fa8                dcache_status
 .text.pfuze_mode_init
                0x0000000017802fb4       0xd4 board/freescale/common/built-in.o
                0x0000000017802fb4                pfuze_mode_init
 .text.pfuze_common_init
                0x0000000017803088      0x10c board/freescale/common/built-in.o
                0x0000000017803088                pfuze_common_init
 .text.enable_lvds
                0x0000000017803194       0x14 board/freescale/mx6sabresd/built-in.o
 .text.enable_rgb
                0x00000000178031a8       0x24 board/freescale/mx6sabresd/built-in.o
 .text.do_enable_hdmi
                0x00000000178031cc       0x18 board/freescale/mx6sabresd/built-in.o
 .text.dram_init
                0x00000000178031e4       0x18 board/freescale/mx6sabresd/built-in.o
                0x00000000178031e4                dram_init
 .text.board_spi_cs_gpio
                0x00000000178031fc       0x10 board/freescale/mx6sabresd/built-in.o
                0x00000000178031fc                board_spi_cs_gpio
 .text.mmc_get_env_devno
                0x000000001780320c       0x24 board/freescale/mx6sabresd/built-in.o
                0x000000001780320c                mmc_get_env_devno
 .text.board_mmc_getcd
                0x0000000017803230       0x60 board/freescale/mx6sabresd/built-in.o
                0x0000000017803230                board_mmc_getcd
 .text.board_mmc_init
                0x0000000017803290       0xb8 board/freescale/mx6sabresd/built-in.o
                0x0000000017803290                board_mmc_init
 .text.check_mmc_autodetect
                0x0000000017803348       0x38 board/freescale/mx6sabresd/built-in.o
                0x0000000017803348                check_mmc_autodetect
 .text.board_late_mmc_env_init
                0x0000000017803380       0x78 board/freescale/mx6sabresd/built-in.o
                0x0000000017803380                board_late_mmc_env_init
 .text.mx6_rgmii_rework
                0x00000000178033f8      0x110 board/freescale/mx6sabresd/built-in.o
                0x00000000178033f8                mx6_rgmii_rework
 .text.board_phy_config
                0x0000000017803508       0x2c board/freescale/mx6sabresd/built-in.o
                0x0000000017803508                board_phy_config
 .text.overwrite_console
                0x0000000017803534        0x8 board/freescale/mx6sabresd/built-in.o
                0x0000000017803534                overwrite_console
 .text.board_eth_init
                0x000000001780353c       0x54 board/freescale/mx6sabresd/built-in.o
                0x000000001780353c                board_eth_init
 .text.board_ehci_hcd_init
                0x0000000017803590       0x28 board/freescale/mx6sabresd/built-in.o
                0x0000000017803590                board_ehci_hcd_init
 .text.board_ehci_power
                0x00000000178035b8       0x48 board/freescale/mx6sabresd/built-in.o
                0x00000000178035b8                board_ehci_power
 .text.board_early_init_f
                0x0000000017803600       0x8c board/freescale/mx6sabresd/built-in.o
                0x0000000017803600                board_early_init_f
 .text.board_init
                0x000000001780368c       0x7c board/freescale/mx6sabresd/built-in.o
                0x000000001780368c                board_init
 .text.power_init_board
                0x0000000017803708      0x260 board/freescale/mx6sabresd/built-in.o
                0x0000000017803708                power_init_board
 .text.ldo_mode_set
                0x0000000017803968      0x2a0 board/freescale/mx6sabresd/built-in.o
                0x0000000017803968                ldo_mode_set
 .text.board_late_init
                0x0000000017803c08       0x1c board/freescale/mx6sabresd/built-in.o
                0x0000000017803c08                board_late_init
 .text.checkboard
                0x0000000017803c24       0x18 board/freescale/mx6sabresd/built-in.o
                0x0000000017803c24                checkboard
 .text.show_boot_progress
                0x0000000017803c3c        0x4 common/built-in.o
                0x0000000017803c3c                show_boot_progress
 .text.main_loop
                0x0000000017803c40       0x20 common/built-in.o
                0x0000000017803c40                main_loop
 .text.dummy    0x0000000017803c60        0x4 common/built-in.o
 .text.get_version
                0x0000000017803c64        0x8 common/built-in.o
                0x0000000017803c64                get_version
 .text.jumptable_init
                0x0000000017803c6c      0x1c0 common/built-in.o
                0x0000000017803c6c                jumptable_init
 .text.hash_command
                0x0000000017803e2c       0xb4 common/built-in.o
                0x0000000017803e2c                hash_command
 .text.b_reset  0x0000000017803ee0       0x1c common/built-in.o
 .text.static_get
                0x0000000017803efc       0x1c common/built-in.o
 .text.file_peek
                0x0000000017803f18        0xc common/built-in.o
 .text.mapset   0x0000000017803f24       0x20 common/built-in.o
 .text.syntax_err
                0x0000000017803f44        0xc common/built-in.o
 .text.free_pipe_list
                0x0000000017803f50       0xf4 common/built-in.o
 .text.xmalloc  0x0000000017804044       0x20 common/built-in.o
 .text.new_pipe
                0x0000000017804064       0x28 common/built-in.o
 .text.xrealloc
                0x000000001780408c       0x20 common/built-in.o
 .text.done_command
                0x00000000178040ac       0x88 common/built-in.o
 .text.done_pipe
                0x0000000017804134       0x48 common/built-in.o
 .text.done_word
                0x000000001780417c      0x2e4 common/built-in.o
 .text.do_showvar
                0x0000000017804460       0xf4 common/built-in.o
 .text.is_assignment
                0x0000000017804554       0x5c common/built-in.o
 .text.file_get
                0x00000000178045b0      0x1ec common/built-in.o
 .text.b_addchr
                0x000000001780479c       0x80 common/built-in.o
 .text.b_addqchr
                0x000000001780481c       0x50 common/built-in.o
 .text.static_peek
                0x000000001780486c        0xc common/built-in.o
 .text.get_local_var
                0x0000000017804878       0xa0 common/built-in.o
                0x0000000017804878                get_local_var
 .text.set_local_var
                0x0000000017804918      0x1bc common/built-in.o
                0x0000000017804918                set_local_var
 .text.insert_var_value_sub
                0x0000000017804ad4      0x2c0 common/built-in.o
 .text.parse_string_outer
                0x0000000017804d94       0xe4 common/built-in.o
                0x0000000017804d94                parse_string_outer
 .text.run_list_real
                0x0000000017804e78      0x7b8 common/built-in.o
 .text.parse_stream_outer
                0x0000000017805630      0x6d0 common/built-in.o
 .text.parse_file_outer
                0x0000000017805d00       0x44 common/built-in.o
                0x0000000017805d00                parse_file_outer
 .text.u_boot_hush_start
                0x0000000017805d44       0x54 common/built-in.o
                0x0000000017805d44                u_boot_hush_start
 .text.bootdelay_process
                0x0000000017805d98       0xd0 common/built-in.o
                0x0000000017805d98                bootdelay_process
 .text.autoboot_command
                0x0000000017805e68       0xd0 common/built-in.o
                0x0000000017805e68                autoboot_command
 .text.setup_mon_len
                0x0000000017805f38       0x20 common/built-in.o
 .text.reserve_round_4k
                0x0000000017805f58       0x18 common/built-in.o
 .text.reserve_mmu
                0x0000000017805f70       0x38 common/built-in.o
 .text.reserve_uboot
                0x0000000017805fa8       0x30 common/built-in.o
 .text.reserve_malloc
                0x0000000017805fd8       0x18 common/built-in.o
 .text.setup_machine
                0x0000000017805ff0       0x14 common/built-in.o
 .text.reserve_global_data
                0x0000000017806004       0x1c common/built-in.o
 .text.reserve_fdt
                0x0000000017806020       0x4c common/built-in.o
 .text.display_new_sp
                0x000000001780606c        0x8 common/built-in.o
 .text.initf_malloc
                0x0000000017806074       0x1c common/built-in.o
 .text.reserve_arch
                0x0000000017806090        0x8 common/built-in.o
                0x0000000017806090                reserve_arch
 .text.setup_reloc
                0x0000000017806098       0x28 common/built-in.o
 .text.reloc_fdt
                0x00000000178060c0       0x38 common/built-in.o
 .text.announce_dram_init
                0x00000000178060f8       0x18 common/built-in.o
 .text.init_func_i2c
                0x0000000017806110       0x28 common/built-in.o
 .text.init_baud_rate
                0x0000000017806138       0x2c common/built-in.o
 .text.initf_dm
                0x0000000017806164        0x8 common/built-in.o
 .text.mark_bootstage
                0x000000001780616c       0x14 common/built-in.o
 .text.reserve_board
                0x0000000017806180       0x40 common/built-in.o
 .text.display_text_info
                0x00000000178061c0        0x8 common/built-in.o
 .text.setup_fdt
                0x00000000178061c8        0x8 common/built-in.o
 .text.reserve_trace
                0x00000000178061d0        0x8 common/built-in.o
 .text.coloured_LED_init
                0x00000000178061d8        0x4 common/built-in.o
                0x00000000178061d8                coloured_LED_init
 .text.red_led_on
                0x00000000178061dc        0x4 common/built-in.o
                0x00000000178061dc                red_led_on
 .text.board_add_ram_info
                0x00000000178061e0        0x4 common/built-in.o
                0x00000000178061e0                board_add_ram_info
 .text.show_dram_config
                0x00000000178061e4       0x38 common/built-in.o
 .text.dram_init_banksize
                0x000000001780621c       0x20 common/built-in.o
                0x000000001780621c                dram_init_banksize
 .text.setup_dram_config
                0x000000001780623c       0x10 common/built-in.o
 .text.board_get_usable_ram_top
                0x000000001780624c       0x14 common/built-in.o
                0x000000001780624c                board_get_usable_ram_top
 .text.setup_dest_addr
                0x0000000017806260       0x3c common/built-in.o
 .text.reserve_stacks
                0x000000001780629c       0x1c common/built-in.o
 .text.board_init_f
                0x00000000178062b8       0x28 common/built-in.o
                0x00000000178062b8                board_init_f
 .text.bootstage_relocate
                0x00000000178062e0        0x8 common/built-in.o
 .text.initr_reloc_global_data
                0x00000000178062e8       0x28 common/built-in.o
 .text.initr_announce
                0x0000000017806310        0x8 common/built-in.o
 .text.run_main_loop
                0x0000000017806318        0xc common/built-in.o
 .text.initr_net
                0x0000000017806324       0x20 common/built-in.o
 .text.initr_ethaddr
                0x0000000017806344       0x20 common/built-in.o
 .text.initr_enable_interrupts
                0x0000000017806364       0x10 common/built-in.o
 .text.initr_jumptable
                0x0000000017806374       0x10 common/built-in.o
 .text.initr_env
                0x0000000017806384       0x30 common/built-in.o
 .text.initr_mmc
                0x00000000178063b4       0x20 common/built-in.o
 .text.initr_serial
                0x00000000178063d4       0x10 common/built-in.o
 .text.initr_dm
                0x00000000178063e4       0x14 common/built-in.o
 .text.initr_malloc
                0x00000000178063f8       0x24 common/built-in.o
 .text.initr_caches
                0x000000001780641c       0x10 common/built-in.o
 .text.initr_reloc
                0x000000001780642c       0x24 common/built-in.o
 .text.initr_barrier
                0x0000000017806450        0x8 common/built-in.o
 .text.initr_trace
                0x0000000017806458        0x8 common/built-in.o
 .text.cpu_secondary_init_r
                0x0000000017806460        0x4 common/built-in.o
                0x0000000017806460                cpu_secondary_init_r
 .text.initr_secondary_cpu
                0x0000000017806464       0x10 common/built-in.o
 .text.board_init_r
                0x0000000017806474       0x14 common/built-in.o
                0x0000000017806474                board_init_r
 .text.show_board_info
                0x0000000017806488        0x4 common/built-in.o
                0x0000000017806488                show_board_info
 .text.do_go_exec
                0x000000001780648c       0x10 common/built-in.o
                0x000000001780648c                do_go_exec
 .text.do_go    0x000000001780649c       0x6c common/built-in.o
 .text.do_bootm
                0x0000000017806508      0x10c common/built-in.o
                0x0000000017806508                do_bootm
 .text.do_bootd
                0x0000000017806614       0x20 common/built-in.o
                0x0000000017806614                do_bootd
 .text.image_info
                0x0000000017806634       0xcc common/built-in.o
 .text.do_iminfo
                0x0000000017806700       0x5c common/built-in.o
 .text.bootm_maybe_autostart
                0x000000001780675c       0x78 common/built-in.o
                0x000000001780675c                bootm_maybe_autostart
 .text.do_bootz
                0x00000000178067d4       0xf8 common/built-in.o
                0x00000000178067d4                do_bootz
 .text.bootm_find_ramdisk_fdt
                0x00000000178068cc       0xa8 common/built-in.o
                0x00000000178068cc                bootm_find_ramdisk_fdt
 .text.bootm_decomp_image
                0x0000000017806974      0x14c common/built-in.o
                0x0000000017806974                bootm_decomp_image
 .text.bootm_disable_interrupts
                0x0000000017806ac0       0x18 common/built-in.o
                0x0000000017806ac0                bootm_disable_interrupts
 .text.do_bootm_states
                0x0000000017806ad8      0x740 common/built-in.o
                0x0000000017806ad8                do_bootm_states
 .text.copy_args
                0x0000000017807218       0x50 common/built-in.o
 .text.do_bootm_rtems
                0x0000000017807268       0x40 common/built-in.o
 .text.do_bootm_plan9
                0x00000000178072a8       0xa4 common/built-in.o
 .text.do_bootm_standalone
                0x000000001780734c       0x64 common/built-in.o
 .text.do_bootm_netbsd
                0x00000000178073b0       0xf8 common/built-in.o
 .text.do_bootvx_fdt
                0x00000000178074a8      0x10c common/built-in.o
                0x00000000178074a8                do_bootvx_fdt
 .text.do_bootm_vxworks
                0x00000000178075b4       0x24 common/built-in.o
 .text.boot_selected_os
                0x00000000178075d8       0x58 common/built-in.o
                0x00000000178075d8                boot_selected_os
 .text.bootm_os_get_boot_func
                0x0000000017807630       0x10 common/built-in.o
                0x0000000017807630                bootm_os_get_boot_func
 .text.do_help  0x0000000017807640       0x44 common/built-in.o
 .text.do_version
                0x0000000017807684       0x38 common/built-in.o
 .text.env_attr_walk
                0x00000000178076bc      0x120 common/built-in.o
                0x00000000178076bc                env_attr_walk
 .text.env_attr_lookup
                0x00000000178077dc      0x19c common/built-in.o
                0x00000000178077dc                env_attr_lookup
 .text.clear_callback
                0x0000000017807978       0x10 common/built-in.o
 .text.find_env_callback
                0x0000000017807988       0x64 common/built-in.o
 .text.on_callbacks
                0x00000000178079ec       0x48 common/built-in.o
 .text.set_callback
                0x0000000017807a34       0x9c common/built-in.o
 .text.env_callback_init
                0x0000000017807ad0       0xc4 common/built-in.o
                0x0000000017807ad0                env_callback_init
 .text.skip_num
                0x0000000017807b94       0x78 common/built-in.o
 .text.clear_flags
                0x0000000017807c0c       0x10 common/built-in.o
 .text.on_flags
                0x0000000017807c1c       0x48 common/built-in.o
 .text.env_flags_parse_vartype
                0x0000000017807c64       0x50 common/built-in.o
                0x0000000017807c64                env_flags_parse_vartype
 .text.env_flags_parse_varaccess
                0x0000000017807cb4       0x58 common/built-in.o
                0x0000000017807cb4                env_flags_parse_varaccess
 .text.set_flags
                0x0000000017807d0c       0xb4 common/built-in.o
 .text.env_flags_init
                0x0000000017807dc0       0xd8 common/built-in.o
                0x0000000017807dc0                env_flags_init
 .text.env_flags_validate
                0x0000000017807e98      0x318 common/built-in.o
                0x0000000017807e98                env_flags_validate
 .text.mmc_get_env_addr
                0x00000000178081b0       0x10 common/built-in.o
                0x00000000178081b0                mmc_get_env_addr
 .text.env_init
                0x00000000178081c0       0x1c common/built-in.o
                0x00000000178081c0                env_init
 .text.mmc_get_env_part
                0x00000000178081dc        0x8 common/built-in.o
                0x00000000178081dc                mmc_get_env_part
 .text.init_mmc_for_env
                0x00000000178081e4       0x78 common/built-in.o
 .text.fini_mmc_for_env
                0x000000001780825c       0x30 common/built-in.o
 .text.saveenv  0x000000001780828c      0x10c common/built-in.o
                0x000000001780828c                saveenv
 .text.env_relocate_spec
                0x0000000017808398       0xe4 common/built-in.o
                0x0000000017808398                env_relocate_spec
 .text.source   0x000000001780847c       0xd8 common/built-in.o
                0x000000001780847c                source
 .text.do_source
                0x0000000017808554       0x44 common/built-in.o
 .text.print_num
                0x0000000017808598       0x14 common/built-in.o
 .text.do_bdinfo
                0x00000000178085ac      0x190 common/built-in.o
 .text.parse_argv
                0x000000001780873c       0x64 common/built-in.o
 .text.do_icache
                0x00000000178087a0       0x88 common/built-in.o
 .text.do_dcache
                0x0000000017808828       0x88 common/built-in.o
 .text.do_coninfo
                0x00000000178088b0       0xc0 common/built-in.o
 .text.do_echo  0x0000000017808970       0xb0 common/built-in.o
 .text.do_exit  0x0000000017808a20       0x3c common/built-in.o
 .text.do_ext4_size
                0x0000000017808a5c       0x18 common/built-in.o
                0x0000000017808a5c                do_ext4_size
 .text.do_ext4_load
                0x0000000017808a74       0x18 common/built-in.o
                0x0000000017808a74                do_ext4_load
 .text.do_ext4_ls
                0x0000000017808a8c       0x18 common/built-in.o
                0x0000000017808a8c                do_ext4_ls
 .text.do_ext4_write
                0x0000000017808aa4       0x18 common/built-in.o
                0x0000000017808aa4                do_ext4_write
 .text.do_ext2load
                0x0000000017808abc       0x18 common/built-in.o
                0x0000000017808abc                do_ext2load
 .text.do_ext2ls
                0x0000000017808ad4       0x18 common/built-in.o
 .text.do_fat_size
                0x0000000017808aec       0x18 common/built-in.o
                0x0000000017808aec                do_fat_size
 .text.do_fat_fsload
                0x0000000017808b04       0x18 common/built-in.o
                0x0000000017808b04                do_fat_fsload
 .text.do_fat_ls
                0x0000000017808b1c       0x18 common/built-in.o
 .text.do_fat_fsinfo
                0x0000000017808b34       0x90 common/built-in.o
 .text.fdt_valid
                0x0000000017808bc4       0xbc common/built-in.o
 .text.is_printable_string
                0x0000000017808c80       0x9c common/built-in.o
 .text.print_data
                0x0000000017808d1c      0x174 common/built-in.o
 .text.set_working_fdt_addr
                0x0000000017808e90       0x1c common/built-in.o
                0x0000000017808e90                set_working_fdt_addr
 .text.do_fdt   0x0000000017808eac      0xe5c common/built-in.o
 .text.fdt_find_and_setprop
                0x0000000017809d08       0x70 common/built-in.o
                0x0000000017809d08                fdt_find_and_setprop
 .text.fdt_find_or_add_subnode
                0x0000000017809d78       0x60 common/built-in.o
                0x0000000017809d78                fdt_find_or_add_subnode
 .text.fdt_initrd
                0x0000000017809dd8      0x1cc common/built-in.o
                0x0000000017809dd8                fdt_initrd
 .text.fdt_chosen
                0x0000000017809fa4       0xa8 common/built-in.o
                0x0000000017809fa4                fdt_chosen
 .text.do_fixup_by_path
                0x000000001780a04c       0x54 common/built-in.o
                0x000000001780a04c                do_fixup_by_path
 .text.fdt_fixup_memory_banks
                0x000000001780a0a0      0x1a4 common/built-in.o
                0x000000001780a0a0                fdt_fixup_memory_banks
 .text.fdt_fixup_memory
                0x000000001780a244       0x20 common/built-in.o
                0x000000001780a244                fdt_fixup_memory
 .text.fdt_fixup_ethernet
                0x000000001780a264      0x15c common/built-in.o
                0x000000001780a264                fdt_fixup_ethernet
 .text.fdt_shrink_to_minimum
                0x000000001780a3c0       0xcc common/built-in.o
                0x000000001780a3c0                fdt_shrink_to_minimum
 .text.do_flerase
                0x000000001780a48c        0x8 common/built-in.o
 .text.do_protect
                0x000000001780a494       0x10 common/built-in.o
 .text.do_flinfo
                0x000000001780a4a4        0x8 common/built-in.o
 .text.strtou32
                0x000000001780a4ac       0x44 common/built-in.o
 .text.do_fuse  0x000000001780a4f0      0x360 common/built-in.o
 .text.do_i2c   0x000000001780a850       0x68 common/built-in.o
 .text.do_i2c_reset
                0x000000001780a8b8       0x2c common/built-in.o
 .text.do_i2c_probe
                0x000000001780a8e4       0x9c common/built-in.o
 .text.do_i2c_bus_speed
                0x000000001780a980       0x74 common/built-in.o
 .text.do_i2c_show_bus
                0x000000001780a9f4       0xd0 common/built-in.o
 .text.do_i2c_bus_num
                0x000000001780aac4       0xb4 common/built-in.o
 .text.get_alen.constprop.7
                0x000000001780ab78       0x3c common/built-in.o
 .text.do_i2c_crc
                0x000000001780abb4      0x120 common/built-in.o
 .text.mod_i2c_mem.isra.4
                0x000000001780acd4      0x1f0 common/built-in.o
 .text.do_i2c_nm
                0x000000001780aec4        0x8 common/built-in.o
 .text.do_i2c_mm
                0x000000001780aecc        0x8 common/built-in.o
 .text.do_i2c_md
                0x000000001780aed4      0x1e4 common/built-in.o
 .text.do_i2c_read
                0x000000001780b0b8       0xbc common/built-in.o
 .text.do_i2c_mw
                0x000000001780b174       0xfc common/built-in.o
 .text.do_i2c_write
                0x000000001780b270      0x14c common/built-in.o
 .text.do_i2c_loop
                0x000000001780b3bc       0xe4 common/built-in.o
 .text.i2c_init_board
                0x000000001780b4a0        0x4 common/built-in.o
                0x000000001780b4a0                i2c_init_board
 .text.evalexp  0x000000001780b4a4       0x74 common/built-in.o
 .text.evalstr  0x000000001780b518       0x6c common/built-in.o
 .text.binary_test
                0x000000001780b584      0x1c0 common/built-in.o
 .text.do_itest
                0x000000001780b744       0x88 common/built-in.o
 .text.bin_data_init
                0x000000001780b7cc       0x2c common/built-in.o
 .text.k_data_save
                0x000000001780b7f8       0x4c common/built-in.o
 .text.k_data_restore
                0x000000001780b844       0x4c common/built-in.o
 .text.getcxmodem
                0x000000001780b890       0x20 common/built-in.o
 .text.load_serial_ymodem
                0x000000001780b8b0       0xcc common/built-in.o
 .text.bin_data_char
                0x000000001780b97c       0x2c common/built-in.o
 .text.chk1.constprop.1
                0x000000001780b9a8       0x2c common/built-in.o
 .text.s1_sendpacket.constprop.2
                0x000000001780b9d4       0x50 common/built-in.o
 .text.load_serial
                0x000000001780ba24      0x1f0 common/built-in.o
 .text.do_load_serial
                0x000000001780bc14       0xdc common/built-in.o
 .text.do_load_serial_bin
                0x000000001780bcf0      0x7a4 common/built-in.o
 .text.do_mem_mw
                0x000000001780c494       0xc0 common/built-in.o
 .text.do_mem_loop
                0x000000001780c554       0xec common/built-in.o
 .text.do_mem_md
                0x000000001780c640       0xe4 common/built-in.o
 .text.do_mem_cmp
                0x000000001780c724      0x168 common/built-in.o
 .text.do_mem_base
                0x000000001780c88c       0x40 common/built-in.o
 .text.do_mem_cp
                0x000000001780c8cc       0xd8 common/built-in.o
 .text.do_mem_crc
                0x000000001780c9a4       0x48 common/built-in.o
 .text.do_mem_mtest
                0x000000001780c9ec      0x204 common/built-in.o
 .text.mod_mem.isra.0
                0x000000001780cbf0      0x16c common/built-in.o
 .text.do_mem_mm
                0x000000001780cd5c        0x8 common/built-in.o
 .text.do_mem_nm
                0x000000001780cd64        0x8 common/built-in.o
 .text.miiphy_get_dev_by_name
                0x000000001780cd6c       0x60 common/built-in.o
                0x000000001780cd6c                miiphy_get_dev_by_name
 .text.miiphy_init
                0x000000001780cdcc       0x24 common/built-in.o
                0x000000001780cdcc                miiphy_init
 .text.mdio_alloc
                0x000000001780cdf0       0x30 common/built-in.o
                0x000000001780cdf0                mdio_alloc
 .text.mdio_register
                0x000000001780ce20       0x94 common/built-in.o
                0x000000001780ce20                mdio_register
 .text.mdio_list_devices
                0x000000001780ceb4       0x98 common/built-in.o
                0x000000001780ceb4                mdio_list_devices
 .text.miiphy_set_current_dev
                0x000000001780cf4c       0x40 common/built-in.o
                0x000000001780cf4c                miiphy_set_current_dev
 .text.miiphy_get_active_dev
                0x000000001780cf8c       0x54 common/built-in.o
 .text.mdio_get_current_dev
                0x000000001780cfe0       0x10 common/built-in.o
                0x000000001780cfe0                mdio_get_current_dev
 .text.mdio_phydev_for_ethname
                0x000000001780cff0       0x88 common/built-in.o
                0x000000001780cff0                mdio_phydev_for_ethname
 .text.miiphy_get_current_dev
                0x000000001780d078       0x18 common/built-in.o
                0x000000001780d078                miiphy_get_current_dev
 .text.miiphy_read
                0x000000001780d090       0x4c common/built-in.o
                0x000000001780d090                miiphy_read
 .text.miiphy_write
                0x000000001780d0dc       0x40 common/built-in.o
                0x000000001780d0dc                miiphy_write
 .text.miiphy_listdev
                0x000000001780d11c       0x74 common/built-in.o
                0x000000001780d11c                miiphy_listdev
 .text.miiphy_info
                0x000000001780d190       0x88 common/built-in.o
                0x000000001780d190                miiphy_info
 .text.miiphy_speed
                0x000000001780d218       0x94 common/built-in.o
                0x000000001780d218                miiphy_speed
 .text.miiphy_duplex
                0x000000001780d2ac       0x94 common/built-in.o
                0x000000001780d2ac                miiphy_duplex
 .text.miiphy_is_1000base_x
                0x000000001780d340        0x8 common/built-in.o
                0x000000001780d340                miiphy_is_1000base_x
 .text.extract_range
                0x000000001780d348       0xe4 common/built-in.o
 .text.do_mii   0x000000001780d42c      0x7c0 common/built-in.o
 .text.do_mdio  0x000000001780dbec      0x4ec common/built-in.o
 .text.do_sleep
                0x000000001780e0d8       0x70 common/built-in.o
 .text.do_mmcops
                0x000000001780e148       0xb8 common/built-in.o
 .text.init_mmc_device
                0x000000001780e200       0x54 common/built-in.o
 .text.do_mmc_rescan
                0x000000001780e254       0x24 common/built-in.o
 .text.do_mmc_rst_func
                0x000000001780e278       0xa0 common/built-in.o
 .text.do_mmc_partconf
                0x000000001780e318       0xb4 common/built-in.o
 .text.do_mmc_boot_resize
                0x000000001780e3cc       0xcc common/built-in.o
 .text.do_mmc_bootbus
                0x000000001780e498       0xb4 common/built-in.o
 .text.do_mmc_hwpartition
                0x000000001780e54c      0x510 common/built-in.o
 .text.do_mmc_list
                0x000000001780ea5c       0x14 common/built-in.o
 .text.do_mmc_dev
                0x000000001780ea70      0x134 common/built-in.o
 .text.do_mmc_part
                0x000000001780eba4       0x5c common/built-in.o
 .text.do_mmc_erase
                0x000000001780ec00       0xe8 common/built-in.o
 .text.do_mmc_write
                0x000000001780ece8      0x100 common/built-in.o
 .text.do_mmc_read
                0x000000001780ede8       0xec common/built-in.o
 .text.do_mmcinfo
                0x000000001780eed4      0x370 common/built-in.o
 .text.do_mmc_setdsr
                0x000000001780f244       0xb0 common/built-in.o
 .text.cpu_cmd  0x000000001780f2f4      0x114 common/built-in.o
 .text.netboot_common
                0x000000001780f408      0x294 common/built-in.o
 .text.do_bootp
                0x000000001780f69c        0xc common/built-in.o
 .text.do_dhcp  0x000000001780f6a8        0xc common/built-in.o
 .text.do_nfs   0x000000001780f6b4        0xc common/built-in.o
 .text.do_tftpb
                0x000000001780f6c0       0x40 common/built-in.o
                0x000000001780f6c0                do_tftpb
 .text.do_ping  0x000000001780f700       0x78 common/built-in.o
 .text.bytes_per_second
                0x000000001780f778       0x50 common/built-in.o
 .text.do_spi_flash
                0x000000001780f7c8      0x744 common/built-in.o
 .text.get_arg  0x000000001780ff0c       0x58 common/built-in.o
 .text.do_setexpr
                0x000000001780ff64      0x14c common/built-in.o
 .text.do_false
                0x00000000178100b0        0x8 common/built-in.o
 .text.do_true  0x00000000178100b8        0x8 common/built-in.o
 .text.do_test  0x00000000178100c0      0x338 common/built-in.o
 .text.usb_get_class_desc
                0x00000000178103f8       0xbc common/built-in.o
 .text.usb_display_class_sub
                0x00000000178104b4      0x170 common/built-in.o
 .text.usb_find_device
                0x0000000017810624       0x3c common/built-in.o
 .text.usb_show_tree_graph
                0x0000000017810660      0x21c common/built-in.o
 .text.usb_display_string
                0x000000001781087c       0x44 common/built-in.o
 .text.usb_display_config
                0x00000000178108c0      0x20c common/built-in.o
 .text.do_usbboot
                0x0000000017810acc        0xc common/built-in.o
 .text.do_usb_start
                0x0000000017810ad8       0x38 common/built-in.o
 .text.usb_display_desc.part.2
                0x0000000017810b10      0x12c common/built-in.o
 .text.do_usb   0x0000000017810c3c      0x78c common/built-in.o
 .text.usb_set_maxpacket_ep
                0x00000000178113c8       0x70 common/built-in.o
 .text.usb_stop
                0x0000000017811438       0x64 common/built-in.o
                0x0000000017811438                usb_stop
 .text.usb_disable_asynch
                0x000000001781149c       0x20 common/built-in.o
                0x000000001781149c                usb_disable_asynch
 .text.usb_control_msg
                0x00000000178114bc       0xc0 common/built-in.o
                0x00000000178114bc                usb_control_msg
 .text.usb_get_descriptor
                0x000000001781157c       0x58 common/built-in.o
 .text.usb_get_string
                0x00000000178115d4       0x70 common/built-in.o
 .text.usb_string_sub
                0x0000000017811644      0x108 common/built-in.o
 .text.usb_bulk_msg
                0x000000001781174c       0x74 common/built-in.o
                0x000000001781174c                usb_bulk_msg
 .text.usb_maxpacket
                0x00000000178117c0       0x1c common/built-in.o
                0x00000000178117c0                usb_maxpacket
 .text.usb_clear_halt
                0x00000000178117dc       0x90 common/built-in.o
                0x00000000178117dc                usb_clear_halt
 .text.usb_get_configuration_no
                0x000000001781186c       0xbc common/built-in.o
                0x000000001781186c                usb_get_configuration_no
 .text.usb_set_interface
                0x0000000017811928       0xa8 common/built-in.o
                0x0000000017811928                usb_set_interface
 .text.usb_string
                0x00000000178119d0      0x100 common/built-in.o
                0x00000000178119d0                usb_string
 .text.usb_get_dev_index
                0x0000000017811ad0       0x24 common/built-in.o
                0x0000000017811ad0                usb_get_dev_index
 .text.usb_alloc_new_device
                0x0000000017811af4       0x94 common/built-in.o
                0x0000000017811af4                usb_alloc_new_device
 .text.usb_free_device
                0x0000000017811b88       0x48 common/built-in.o
                0x0000000017811b88                usb_free_device
 .text.usb_alloc_device
                0x0000000017811bd0        0x8 common/built-in.o
                0x0000000017811bd0                usb_alloc_device
 .text.usb_new_device
                0x0000000017811bd8      0x5d0 common/built-in.o
                0x0000000017811bd8                usb_new_device
 .text.usb_init
                0x00000000178121a8      0x12c common/built-in.o
                0x00000000178121a8                usb_init
 .text.usb_set_port_feature
                0x00000000178122d4       0x4c common/built-in.o
 .text.usb_hub_power_on
                0x0000000017812320       0x44 common/built-in.o
 .text.usb_get_port_status
                0x0000000017812364       0x4c common/built-in.o
 .text.usb_clear_port_feature
                0x00000000178123b0       0x4c common/built-in.o
 .text.usb_get_hub_descriptor
                0x00000000178123fc       0x4c common/built-in.o
 .text.usb_hub_reset_devices
                0x0000000017812448        0x4 common/built-in.o
                0x0000000017812448                usb_hub_reset_devices
 .text.usb_hub_reset
                0x000000001781244c       0x14 common/built-in.o
                0x000000001781244c                usb_hub_reset
 .text.hub_port_reset
                0x0000000017812460       0x98 common/built-in.o
                0x0000000017812460                hub_port_reset
 .text.usb_hub_port_connect_change
                0x00000000178124f8      0x120 common/built-in.o
                0x00000000178124f8                usb_hub_port_connect_change
 .text.usb_hub_configure
                0x0000000017812618      0x2dc common/built-in.o
 .text.usb_hub_probe
                0x00000000178128f4       0x58 common/built-in.o
                0x00000000178128f4                usb_hub_probe
 .text.usb_stor_irq
                0x000000001781294c       0x1c common/built-in.o
 .text.usb_stor_BBB_reset
                0x0000000017812968       0xd0 common/built-in.o
 .text.usb_stor_CB_reset
                0x0000000017812a38       0xd0 common/built-in.o
 .text.usb_stor_BBB_clear_endpt_stall.isra.2
                0x0000000017812b08       0x40 common/built-in.o
 .text.usb_stor_BBB_transport
                0x0000000017812b48      0x264 common/built-in.o
 .text.usb_stor_CB_comdat
                0x0000000017812dac      0x20c common/built-in.o
 .text.usb_stor_CBI_get_status.isra.4
                0x0000000017812fb8       0xc8 common/built-in.o
 .text.usb_stor_CB_transport
                0x0000000017813080      0x228 common/built-in.o
 .text.usb_request_sense.constprop.10
                0x00000000178132a8       0x70 common/built-in.o
 .text.usb_stor_write
                0x0000000017813318      0x1c4 common/built-in.o
                0x0000000017813318                usb_stor_write
 .text.usb_stor_read
                0x00000000178134dc      0x1c4 common/built-in.o
                0x00000000178134dc                usb_stor_read
 .text.usb_stor_get_dev
                0x00000000178136a0       0x28 common/built-in.o
                0x00000000178136a0                usb_stor_get_dev
 .text.usb_stor_info
                0x00000000178136c8       0x74 common/built-in.o
                0x00000000178136c8                usb_stor_info
 .text.usb_storage_probe
                0x000000001781373c      0x204 common/built-in.o
                0x000000001781373c                usb_storage_probe
 .text.usb_stor_get_info
                0x0000000017813940      0x324 common/built-in.o
                0x0000000017813940                usb_stor_get_info
 .text.usb_stor_scan
                0x0000000017813c64      0x1e0 common/built-in.o
                0x0000000017813c64                usb_stor_scan
 .text.do_imgextract
                0x0000000017813e44      0x28c common/built-in.o
 .text.splash_screen_prepare
                0x00000000178140d0        0x8 common/built-in.o
                0x00000000178140d0                splash_screen_prepare
 .text.splash_get_pos
                0x00000000178140d8       0x88 common/built-in.o
                0x00000000178140d8                splash_get_pos
 .text.do_env_delete
                0x0000000017814160       0x9c common/built-in.o
 .text.do_env_exists
                0x00000000178141fc       0x6c common/built-in.o
 .text.do_env_save
                0x0000000017814268       0x2c common/built-in.o
 .text.do_env   0x0000000017814294       0x68 common/built-in.o
 .text.env_print
                0x00000000178142fc       0xc8 common/built-in.o
 .text.do_env_print
                0x00000000178143c4       0xc4 common/built-in.o
 .text.do_env_import
                0x0000000017814488      0x284 common/built-in.o
 .text.do_env_default
                0x000000001781470c       0xa8 common/built-in.o
 .text._do_env_set.isra.0
                0x00000000178147b4      0x1c4 common/built-in.o
 .text.do_env_set
                0x0000000017814978       0x1c common/built-in.o
 .text.get_env_id
                0x0000000017814994       0x10 common/built-in.o
                0x0000000017814994                get_env_id
 .text.setenv   0x00000000178149a4       0x5c common/built-in.o
                0x00000000178149a4                setenv
 .text.setenv_ulong
                0x0000000017814a00       0x20 common/built-in.o
                0x0000000017814a00                setenv_ulong
 .text.setenv_hex
                0x0000000017814a20       0x34 common/built-in.o
                0x0000000017814a20                setenv_hex
 .text.do_env_export
                0x0000000017814a54      0x258 common/built-in.o
 .text.envmatch
                0x0000000017814cac       0x6c common/built-in.o
                0x0000000017814cac                envmatch
 .text.getenv_f
                0x0000000017814d18       0xc0 common/built-in.o
                0x0000000017814d18                getenv_f
 .text.getenv   0x0000000017814dd8       0x80 common/built-in.o
                0x0000000017814dd8                getenv
 .text.getenv_hex
                0x0000000017814e58       0x3c common/built-in.o
                0x0000000017814e58                getenv_hex
 .text.getenv_ulong
                0x0000000017814e94       0x30 common/built-in.o
                0x0000000017814e94                getenv_ulong
 .text.do_env_edit
                0x0000000017814ec4       0x7c common/built-in.o
 .text.env_get_char_spec
                0x0000000017814f40        0xc common/built-in.o
                0x0000000017814f40                env_get_char_spec
 .text.env_get_addr
                0x0000000017814f4c       0x20 common/built-in.o
                0x0000000017814f4c                env_get_addr
 .text.env_get_char_memory
                0x0000000017814f6c       0x10 common/built-in.o
                0x0000000017814f6c                env_get_char_memory
 .text.env_get_char
                0x0000000017814f7c       0x30 common/built-in.o
                0x0000000017814f7c                env_get_char
 .text.getenv_yesno
                0x0000000017814fac       0x40 common/built-in.o
                0x0000000017814fac                getenv_yesno
 .text.getenv_default
                0x0000000017814fec       0x30 common/built-in.o
                0x0000000017814fec                getenv_default
 .text.set_default_env
                0x000000001781501c       0xc0 common/built-in.o
                0x000000001781501c                set_default_env
 .text.set_default_vars
                0x00000000178150dc       0x38 common/built-in.o
                0x00000000178150dc                set_default_vars
 .text.env_import
                0x0000000017815114       0xdc common/built-in.o
                0x0000000017815114                env_import
 .text.env_export
                0x00000000178151f0       0xa0 common/built-in.o
                0x00000000178151f0                env_export
 .text.env_relocate
                0x0000000017815290       0x2c common/built-in.o
                0x0000000017815290                env_relocate
 .text.env_complete
                0x00000000178152bc       0xf0 common/built-in.o
                0x00000000178152bc                env_complete
 .text.console_setfile
                0x00000000178153ac       0xc0 common/built-in.o
 .text.serial_printf
                0x000000001781546c       0x50 common/built-in.o
                0x000000001781546c                serial_printf
 .text.putc     0x00000000178154bc       0x34 common/built-in.o
                0x00000000178154bc                putc
 .text.puts     0x00000000178154f0       0x34 common/built-in.o
                0x00000000178154f0                puts
 .text.printf   0x0000000017815524       0x5c common/built-in.o
                0x0000000017815524                printf
 .text.fgetc    0x0000000017815580       0x24 common/built-in.o
                0x0000000017815580                fgetc
 .text.getc     0x00000000178155a4       0x24 common/built-in.o
                0x00000000178155a4                getc
 .text.ftstc    0x00000000178155c8       0x24 common/built-in.o
                0x00000000178155c8                ftstc
 .text.tstc     0x00000000178155ec       0x24 common/built-in.o
                0x00000000178155ec                tstc
 .text.vprintf  0x0000000017815610       0x3c common/built-in.o
                0x0000000017815610                vprintf
 .text.ctrlc    0x000000001781564c       0x58 common/built-in.o
                0x000000001781564c                ctrlc
 .text.confirm_yesno
                0x00000000178156a4       0xd4 common/built-in.o
                0x00000000178156a4                confirm_yesno
 .text.had_ctrlc
                0x0000000017815778       0x10 common/built-in.o
                0x0000000017815778                had_ctrlc
 .text.clear_ctrlc
                0x0000000017815788       0x14 common/built-in.o
                0x0000000017815788                clear_ctrlc
 .text.search_device
                0x000000001781579c       0x28 common/built-in.o
                0x000000001781579c                search_device
 .text.console_assign
                0x00000000178157c4       0x48 common/built-in.o
                0x00000000178157c4                console_assign
 .text.on_console
                0x000000001781580c       0xb8 common/built-in.o
 .text.console_init_f
                0x00000000178158c4       0x10 common/built-in.o
                0x00000000178158c4                console_init_f
 .text.stdio_print_current_devices
                0x00000000178158d4       0xb0 common/built-in.o
                0x00000000178158d4                stdio_print_current_devices
 .text.console_init_r
                0x0000000017815984      0x194 common/built-in.o
                0x0000000017815984                console_init_r
 .text.sbrk     0x0000000017815b18       0x6c common/built-in.o
                0x0000000017815b18                sbrk
 .text.mem_malloc_init
                0x0000000017815b84       0x34 common/built-in.o
                0x0000000017815b84                mem_malloc_init
 .text.malloc_trim
                0x0000000017815bb8       0xcc common/built-in.o
                0x0000000017815bb8                malloc_trim
 .text.free     0x0000000017815c84      0x24c common/built-in.o
                0x0000000017815c84                free
 .text.malloc   0x0000000017815ed0      0x638 common/built-in.o
                0x0000000017815ed0                malloc
 .text.calloc   0x0000000017816508      0x144 common/built-in.o
                0x0000000017816508                calloc
 .text.realloc  0x000000001781664c      0x4d0 common/built-in.o
                0x000000001781664c                realloc
 .text.memalign
                0x0000000017816b1c      0x10c common/built-in.o
                0x0000000017816b1c                memalign
 .text.malloc_simple
                0x0000000017816c28       0x30 common/built-in.o
                0x0000000017816c28                malloc_simple
 .text.on_loadaddr
                0x0000000017816c58       0x38 common/built-in.o
 .text.image_check_hcrc
                0x0000000017816c90       0x4c common/built-in.o
                0x0000000017816c90                image_check_hcrc
 .text.image_check_dcrc
                0x0000000017816cdc       0x38 common/built-in.o
                0x0000000017816cdc                image_check_dcrc
 .text.image_multi_count
                0x0000000017816d14       0x1c common/built-in.o
                0x0000000017816d14                image_multi_count
 .text.image_multi_getimg
                0x0000000017816d30       0x80 common/built-in.o
                0x0000000017816d30                image_multi_getimg
 .text.getenv_bootm_low
                0x0000000017816db0       0x30 common/built-in.o
                0x0000000017816db0                getenv_bootm_low
 .text.getenv_bootm_size
                0x0000000017816de0       0x5c common/built-in.o
                0x0000000017816de0                getenv_bootm_size
 .text.getenv_bootm_mapsize
                0x0000000017816e3c       0x30 common/built-in.o
                0x0000000017816e3c                getenv_bootm_mapsize
 .text.memmove_wd
                0x0000000017816e6c        0xc common/built-in.o
                0x0000000017816e6c                memmove_wd
 .text.genimg_print_size
                0x0000000017816e78       0x30 common/built-in.o
                0x0000000017816e78                genimg_print_size
 .text.get_table_entry_name
                0x0000000017816ea8       0x2c common/built-in.o
                0x0000000017816ea8                get_table_entry_name
 .text.genimg_get_os_name
                0x0000000017816ed4       0x18 common/built-in.o
                0x0000000017816ed4                genimg_get_os_name
 .text.genimg_get_arch_name
                0x0000000017816eec       0x18 common/built-in.o
                0x0000000017816eec                genimg_get_arch_name
 .text.genimg_get_type_name
                0x0000000017816f04       0x18 common/built-in.o
                0x0000000017816f04                genimg_get_type_name
 .text.genimg_get_comp_name
                0x0000000017816f1c       0x18 common/built-in.o
                0x0000000017816f1c                genimg_get_comp_name
 .text.image_print_contents
                0x0000000017816f34      0x178 common/built-in.o
                0x0000000017816f34                image_print_contents
 .text.genimg_get_kernel_addr_fit
                0x00000000178170ac       0x24 common/built-in.o
                0x00000000178170ac                genimg_get_kernel_addr_fit
 .text.genimg_get_format
                0x00000000178170d0       0x34 common/built-in.o
                0x00000000178170d0                genimg_get_format
 .text.genimg_get_image
                0x0000000017817104        0x4 common/built-in.o
                0x0000000017817104                genimg_get_image
 .text.genimg_has_config
                0x0000000017817108        0x8 common/built-in.o
                0x0000000017817108                genimg_has_config
 .text.boot_get_ramdisk
                0x0000000017817110      0x238 common/built-in.o
                0x0000000017817110                boot_get_ramdisk
 .text.boot_ramdisk_high
                0x0000000017817348      0x13c common/built-in.o
                0x0000000017817348                boot_ramdisk_high
 .text.boot_get_setup
                0x0000000017817484        0x8 common/built-in.o
                0x0000000017817484                boot_get_setup
 .text.image_setup_linux
                0x000000001781748c       0x8c common/built-in.o
                0x000000001781748c                image_setup_linux
 .text.fdt_error
                0x0000000017817518       0x2c common/built-in.o
 .text.boot_fdt_add_mem_rsv_regions
                0x0000000017817544       0x88 common/built-in.o
                0x0000000017817544                boot_fdt_add_mem_rsv_regions
 .text.boot_relocate_fdt
                0x00000000178175cc      0x198 common/built-in.o
                0x00000000178175cc                boot_relocate_fdt
 .text.boot_get_fdt
                0x0000000017817764      0x29c common/built-in.o
                0x0000000017817764                boot_get_fdt
 .text.ft_verify_fdt
                0x0000000017817a00        0x8 common/built-in.o
                0x0000000017817a00                ft_verify_fdt
 .text.image_setup_libfdt
                0x0000000017817a08       0xe8 common/built-in.o
                0x0000000017817a08                image_setup_libfdt
 .text.get_effective_memsize
                0x0000000017817af0        0x8 common/built-in.o
                0x0000000017817af0                get_effective_memsize
 .text.nulldev_putc
                0x0000000017817af8        0x4 common/built-in.o
 .text.nulldev_puts
                0x0000000017817afc        0x4 common/built-in.o
 .text.nulldev_input
                0x0000000017817b00        0x8 common/built-in.o
 .text.stdio_serial_tstc
                0x0000000017817b08        0x4 common/built-in.o
 .text.stdio_serial_getc
                0x0000000017817b0c        0x4 common/built-in.o
 .text.stdio_serial_puts
                0x0000000017817b10        0x8 common/built-in.o
 .text.stdio_serial_putc
                0x0000000017817b18        0x8 common/built-in.o
 .text.stdio_get_list
                0x0000000017817b20        0xc common/built-in.o
                0x0000000017817b20                stdio_get_list
 .text.stdio_get_by_name
                0x0000000017817b2c       0x5c common/built-in.o
                0x0000000017817b2c                stdio_get_by_name
 .text.stdio_clone
                0x0000000017817b88       0x38 common/built-in.o
                0x0000000017817b88                stdio_clone
 .text.stdio_register_dev
                0x0000000017817bc0       0x50 common/built-in.o
                0x0000000017817bc0                stdio_register_dev
 .text.stdio_register
                0x0000000017817c10        0x8 common/built-in.o
                0x0000000017817c10                stdio_register
 .text.stdio_init_tables
                0x0000000017817c18       0x1c common/built-in.o
                0x0000000017817c18                stdio_init_tables
 .text.stdio_add_devices
                0x0000000017817c34       0xd4 common/built-in.o
                0x0000000017817c34                stdio_add_devices
 .text.run_command
                0x0000000017817d08       0x10 common/built-in.o
                0x0000000017817d08                run_command
 .text.run_command_list
                0x0000000017817d18       0x7c common/built-in.o
                0x0000000017817d18                run_command_list
 .text.do_run   0x0000000017817d94       0x78 common/built-in.o
                0x0000000017817d94                do_run
 .text.cli_loop
                0x0000000017817e0c        0xc common/built-in.o
                0x0000000017817e0c                cli_loop
 .text.cli_init
                0x0000000017817e18        0x4 common/built-in.o
                0x0000000017817e18                cli_init
 .text.delete_char.part.0
                0x0000000017817e1c       0xd0 common/built-in.o
 .text.cread_add_char
                0x0000000017817eec       0xe8 common/built-in.o
 .text.cli_readline_into_buffer
                0x0000000017817fd4      0x9c0 common/built-in.o
                0x0000000017817fd4                cli_readline_into_buffer
 .text.cli_readline
                0x0000000017818994       0x14 common/built-in.o
                0x0000000017818994                cli_readline
 .text.find_cmd_tbl
                0x00000000178189a8       0xa4 common/built-in.o
                0x00000000178189a8                find_cmd_tbl
 .text.find_cmd
                0x0000000017818a4c       0x28 common/built-in.o
                0x0000000017818a4c                find_cmd
 .text.cmd_usage
                0x0000000017818a74       0x5c common/built-in.o
                0x0000000017818a74                cmd_usage
 .text._do_help
                0x0000000017818ad0      0x178 common/built-in.o
                0x0000000017818ad0                _do_help
 .text.var_complete
                0x0000000017818c48       0x84 common/built-in.o
                0x0000000017818c48                var_complete
 .text.cmd_auto_complete
                0x0000000017818ccc      0x4d4 common/built-in.o
                0x0000000017818ccc                cmd_auto_complete
 .text.cmd_get_data_size
                0x00000000178191a0       0x5c common/built-in.o
                0x00000000178191a0                cmd_get_data_size
 .text.cmd_process
                0x00000000178191fc       0xec common/built-in.o
                0x00000000178191fc                cmd_process
 .text.cmd_process_error
                0x00000000178192e8       0x30 common/built-in.o
                0x00000000178192e8                cmd_process_error
 .text.hex1_bin
                0x0000000017819318       0x40 common/built-in.o
 .text.hex2_bin
                0x0000000017819358       0x38 common/built-in.o
 .text.srec_decode
                0x0000000017819390      0x254 common/built-in.o
                0x0000000017819390                srec_decode
 .text.CYGACC_COMM_IF_GETC_TIMEOUT.isra.0
                0x00000000178195e4       0x5c common/built-in.o
 .text.xyzModem_flush
                0x0000000017819640       0x1c common/built-in.o
 .text.xyzModem_get_hdr
                0x000000001781965c      0x230 common/built-in.o
 .text.xyzModem_stream_open
                0x000000001781988c      0x224 common/built-in.o
                0x000000001781988c                xyzModem_stream_open
 .text.xyzModem_stream_read
                0x0000000017819ab0      0x254 common/built-in.o
                0x0000000017819ab0                xyzModem_stream_read
 .text.xyzModem_stream_close
                0x0000000017819d04       0x54 common/built-in.o
                0x0000000017819d04                xyzModem_stream_close
 .text.xyzModem_stream_terminate
                0x0000000017819d58       0x94 common/built-in.o
                0x0000000017819d58                xyzModem_stream_terminate
 .text.xyzModem_error
                0x0000000017819dec       0x20 common/built-in.o
                0x0000000017819dec                xyzModem_error
 .text.common_diskboot
                0x0000000017819e0c      0x23c common/built-in.o
                0x0000000017819e0c                common_diskboot
 .text.get_dev_hwpart
                0x000000001781a048       0xa8 disk/built-in.o
 .text.dev_print
                0x000000001781a0f0      0x20c disk/built-in.o
                0x000000001781a0f0                dev_print
 .text.init_part
                0x000000001781a2fc       0x20 disk/built-in.o
                0x000000001781a2fc                init_part
 .text.print_part
                0x000000001781a31c       0xf4 disk/built-in.o
                0x000000001781a31c                print_part
 .text.get_partition_info
                0x000000001781a410       0x2c disk/built-in.o
                0x000000001781a410                get_partition_info
 .text.get_device
                0x000000001781a43c      0x114 disk/built-in.o
                0x000000001781a43c                get_device
 .text.get_device_and_partition
                0x000000001781a550      0x440 disk/built-in.o
                0x000000001781a550                get_device_and_partition
 .text.test_block_type
                0x000000001781a990       0x84 disk/built-in.o
 .text.print_partition_extended
                0x000000001781aa14      0x278 disk/built-in.o
 .text.get_partition_info_extended.constprop.1
                0x000000001781ac8c      0x300 disk/built-in.o
 .text.test_part_dos
                0x000000001781af8c       0x64 disk/built-in.o
                0x000000001781af8c                test_part_dos
 .text.print_part_dos
                0x000000001781aff0       0x34 disk/built-in.o
                0x000000001781aff0                print_part_dos
 .text.get_partition_info_dos
                0x000000001781b024       0x20 disk/built-in.o
                0x000000001781b024                get_partition_info_dos
 .text.device_bind
                0x000000001781b044      0x268 drivers/built-in.o
                0x000000001781b044                device_bind
 .text.device_bind_by_name
                0x000000001781b2ac       0x60 drivers/built-in.o
                0x000000001781b2ac                device_bind_by_name
 .text.device_probe
                0x000000001781b30c        0x8 drivers/built-in.o
                0x000000001781b30c                device_probe
 .text.device_probe_child
                0x000000001781b314      0x210 drivers/built-in.o
                0x000000001781b314                device_probe_child
 .text.dev_get_platdata
                0x000000001781b524       0x34 drivers/built-in.o
                0x000000001781b524                dev_get_platdata
 .text.dev_get_priv
                0x000000001781b558       0x34 drivers/built-in.o
                0x000000001781b558                dev_get_priv
 .text.lists_driver_lookup_name
                0x000000001781b58c       0x4c drivers/built-in.o
                0x000000001781b58c                lists_driver_lookup_name
 .text.lists_uclass_lookup
                0x000000001781b5d8       0x3c drivers/built-in.o
                0x000000001781b5d8                lists_uclass_lookup
 .text.lists_bind_drivers
                0x000000001781b614       0x88 drivers/built-in.o
                0x000000001781b614                lists_bind_drivers
 .text.dm_root  0x000000001781b69c       0x2c drivers/built-in.o
                0x000000001781b69c                dm_root
 .text.dm_init  0x000000001781b6c8       0x58 drivers/built-in.o
                0x000000001781b6c8                dm_init
 .text.dm_scan_platdata
                0x000000001781b720       0x2c drivers/built-in.o
                0x000000001781b720                dm_scan_platdata
 .text.dm_scan_other
                0x000000001781b74c        0x8 drivers/built-in.o
                0x000000001781b74c                dm_scan_other
 .text.dm_init_and_scan
                0x000000001781b754       0x30 drivers/built-in.o
                0x000000001781b754                dm_init_and_scan
 .text.uclass_find
                0x000000001781b784       0x4c drivers/built-in.o
                0x000000001781b784                uclass_find
 .text.uclass_get
                0x000000001781b7d0      0x134 drivers/built-in.o
                0x000000001781b7d0                uclass_get
 .text.uclass_find_device
                0x000000001781b904       0x68 drivers/built-in.o
                0x000000001781b904                uclass_find_device
 .text.uclass_find_device_by_seq
                0x000000001781b96c       0x7c drivers/built-in.o
                0x000000001781b96c                uclass_find_device_by_seq
 .text.uclass_get_device
                0x000000001781b9e8       0x3c drivers/built-in.o
                0x000000001781b9e8                uclass_get_device
 .text.uclass_bind_device
                0x000000001781ba24       0xa4 drivers/built-in.o
                0x000000001781ba24                uclass_bind_device
 .text.uclass_unbind_device
                0x000000001781bac8       0x4c drivers/built-in.o
                0x000000001781bac8                uclass_unbind_device
 .text.uclass_resolve_seq
                0x000000001781bb14       0xb0 drivers/built-in.o
                0x000000001781bb14                uclass_resolve_seq
 .text.uclass_pre_probe_child
                0x000000001781bbc4       0x2c drivers/built-in.o
                0x000000001781bbc4                uclass_pre_probe_child
 .text.uclass_post_probe_device
                0x000000001781bbf0       0x20 drivers/built-in.o
                0x000000001781bbf0                uclass_post_probe_device
 .text.uclass_pre_remove_device
                0x000000001781bc10       0x5c drivers/built-in.o
                0x000000001781bc10                uclass_pre_remove_device
 .text.dm_warn  0x000000001781bc6c       0x28 drivers/built-in.o
                0x000000001781bc6c                dm_warn
 .text.device_free
                0x000000001781bc94       0x90 drivers/built-in.o
                0x000000001781bc94                device_free
 .text.device_remove
                0x000000001781bd24      0x138 drivers/built-in.o
                0x000000001781bd24                device_remove
 .text.finish_access
                0x000000001781be5c       0x2c drivers/built-in.o
 .text.set_timing
                0x000000001781be88       0xb4 drivers/built-in.o
 .text.prepare_access
                0x000000001781bf3c       0x88 drivers/built-in.o
 .text.fuse_bank_physical
                0x000000001781bfc4       0x78 drivers/built-in.o
                0x000000001781bfc4                fuse_bank_physical
 .text.fuse_read
                0x000000001781c03c       0x74 drivers/built-in.o
                0x000000001781c03c                fuse_read
 .text.fuse_sense
                0x000000001781c0b0       0xac drivers/built-in.o
                0x000000001781c0b0                fuse_sense
 .text.fuse_prog
                0x000000001781c15c       0xa8 drivers/built-in.o
                0x000000001781c15c                fuse_prog
 .text.fuse_override
                0x000000001781c204       0x6c drivers/built-in.o
                0x000000001781c204                fuse_override
 .text.video_drawchars
                0x000000001781c270      0x44c drivers/built-in.o
 .text.draw_bitmap
                0x000000001781c6bc       0xdc drivers/built-in.o
 .text.console_newline.constprop.2
                0x000000001781c798       0xe0 drivers/built-in.o
 .text.video_putc
                0x000000001781c878      0x194 drivers/built-in.o
 .text.video_puts
                0x000000001781ca0c       0x7c drivers/built-in.o
 .text.board_cfb_skip
                0x000000001781ca88        0x8 drivers/built-in.o
                0x000000001781ca88                board_cfb_skip
 .text.video_set_lut
                0x000000001781ca90        0x8 drivers/built-in.o
                0x000000001781ca94                video_set_lut
 .text.display_rle8_bitmap
                0x000000001781ca98      0x350 drivers/built-in.o
 .text.plot_logo_or_black
                0x000000001781cde8      0x28c drivers/built-in.o
 .text.do_clrlogo
                0x000000001781d074       0x58 drivers/built-in.o
 .text.video_display_bitmap
                0x000000001781d0cc      0x934 drivers/built-in.o
                0x000000001781d0cc                video_display_bitmap
 .text.video_clear
                0x000000001781da00       0x54 drivers/built-in.o
                0x000000001781da00                video_clear
 .text.drv_video_init
                0x000000001781da54      0x458 drivers/built-in.o
                0x000000001781da54                drv_video_init
 .text.mxcfb_map_video_memory
                0x000000001781deac       0x88 drivers/built-in.o
 .text.ipuv3_fb_shutdown
                0x000000001781df34       0x60 drivers/built-in.o
                0x000000001781df34                ipuv3_fb_shutdown
 .text.video_hw_init
                0x000000001781df94      0x5d4 drivers/built-in.o
                0x000000001781df94                video_hw_init
 .text.ipuv3_fb_init
                0x000000001781e568       0x2c drivers/built-in.o
                0x000000001781e568                ipuv3_fb_init
 .text.clk_ldb_clk_enable
                0x000000001781e594       0x20 drivers/built-in.o
 .text.clk_ipu_enable
                0x000000001781e5b4        0x4 drivers/built-in.o
 .text.clk_ldb_clk_disable
                0x000000001781e5b8       0x1c drivers/built-in.o
 .text.clk_ipu_disable
                0x000000001781e5d4        0x4 drivers/built-in.o
 .text.ipu_pixel_clk_enable
                0x000000001781e5d8       0x28 drivers/built-in.o
 .text.ipu_pixel_clk_disable
                0x000000001781e600       0x24 drivers/built-in.o
 .text.ipu_pixel_clk_round_rate
                0x000000001781e624      0x118 drivers/built-in.o
 .text.ipu_pixel_clk_set_rate
                0x000000001781e73c       0xe8 drivers/built-in.o
 .text.ipu_pixel_clk_recalc
                0x000000001781e824       0x7c drivers/built-in.o
 .text.ipu_pixel_clk_set_parent
                0x000000001781e8a0       0x84 drivers/built-in.o
 .text.clk_enable
                0x000000001781e924       0x24 drivers/built-in.o
                0x000000001781e924                clk_enable
 .text.clk_disable
                0x000000001781e948       0x30 drivers/built-in.o
                0x000000001781e948                clk_disable
 .text.clk_get_usecount
                0x000000001781e978        0xc drivers/built-in.o
                0x000000001781e978                clk_get_usecount
 .text.clk_get_rate
                0x000000001781e984        0xc drivers/built-in.o
                0x000000001781e984                clk_get_rate
 .text.clk_get_parent
                0x000000001781e990        0xc drivers/built-in.o
                0x000000001781e990                clk_get_parent
 .text.clk_set_rate
                0x000000001781e99c       0x30 drivers/built-in.o
                0x000000001781e99c                clk_set_rate
 .text.clk_round_rate
                0x000000001781e9cc       0x20 drivers/built-in.o
                0x000000001781e9cc                clk_round_rate
 .text.clk_set_parent
                0x000000001781e9ec       0x1c drivers/built-in.o
                0x000000001781e9ec                clk_set_parent
 .text.ipu_probe
                0x000000001781ea08      0x158 drivers/built-in.o
                0x000000001781ea08                ipu_probe
 .text.ipu_dump_registers
                0x000000001781eb60        0x4 drivers/built-in.o
                0x000000001781eb60                ipu_dump_registers
 .text.ipu_init_channel
                0x000000001781eb64      0x1fc drivers/built-in.o
                0x000000001781eb64                ipu_init_channel
 .text.ipu_uninit_channel
                0x000000001781ed60      0x224 drivers/built-in.o
                0x000000001781ed60                ipu_uninit_channel
 .text.ipu_enable_channel
                0x000000001781ef84       0xe8 drivers/built-in.o
                0x000000001781ef84                ipu_enable_channel
 .text.ipu_clear_buffer_ready
                0x000000001781f06c       0x7c drivers/built-in.o
                0x000000001781f06c                ipu_clear_buffer_ready
 .text.ipu_disable_channel
                0x000000001781f0e8      0x194 drivers/built-in.o
                0x000000001781f0e8                ipu_disable_channel
 .text.bytes_per_pixel
                0x000000001781f27c       0xec drivers/built-in.o
                0x000000001781f27c                bytes_per_pixel
 .text.ipu_init_channel_buffer
                0x000000001781f368      0x5d0 drivers/built-in.o
                0x000000001781f368                ipu_init_channel_buffer
 .text.format_to_colorspace
                0x000000001781f938       0xc4 drivers/built-in.o
                0x000000001781f938                format_to_colorspace
 .text.ipu_dc_map_config
                0x000000001781f9fc       0x70 drivers/built-in.o
 .text.rgb_to_yuv
                0x000000001781fa6c       0x74 drivers/built-in.o
 .text.ipu_dc_link_event
                0x000000001781fae0      0x16c drivers/built-in.o
 .text.ipu_dp_csc_setup.isra.0
                0x000000001781fc4c      0x100 drivers/built-in.o
 .text.ipu_di_sync_config.constprop.3
                0x000000001781fd4c       0xf0 drivers/built-in.o
 .text.ipu_dmfc_init
                0x000000001781fe3c      0x158 drivers/built-in.o
                0x000000001781fe3c                ipu_dmfc_init
 .text.ipu_dmfc_set_wait4eot
                0x000000001781ff94      0x130 drivers/built-in.o
                0x000000001781ff94                ipu_dmfc_set_wait4eot
 .text.ipu_dp_init
                0x00000000178200c4      0x1f8 drivers/built-in.o
                0x00000000178200c4                ipu_dp_init
 .text.ipu_dp_uninit
                0x00000000178202bc       0x7c drivers/built-in.o
                0x00000000178202bc                ipu_dp_uninit
 .text.ipu_dc_init
                0x0000000017820338      0x2c8 drivers/built-in.o
                0x0000000017820338                ipu_dc_init
 .text.ipu_dc_uninit
                0x0000000017820600      0x1b8 drivers/built-in.o
                0x0000000017820600                ipu_dc_uninit
 .text.ipu_dp_dc_enable
                0x00000000178207b8      0x1ec drivers/built-in.o
                0x00000000178207b8                ipu_dp_dc_enable
 .text.ipu_dp_dc_disable
                0x00000000178209a4      0x338 drivers/built-in.o
                0x00000000178209a4                ipu_dp_dc_disable
 .text.ipu_init_dc_mappings
                0x0000000017820cdc      0x184 drivers/built-in.o
                0x0000000017820cdc                ipu_init_dc_mappings
 .text.ipu_init_sync_panel
                0x0000000017820e60      0x7f0 drivers/built-in.o
                0x0000000017820e60                ipu_init_sync_panel
 .text.ipu_disp_set_global_alpha
                0x0000000017821650      0x104 drivers/built-in.o
                0x0000000017821650                ipu_disp_set_global_alpha
 .text.ipu_disp_set_color_key
                0x0000000017821754      0x1ac drivers/built-in.o
                0x0000000017821754                ipu_disp_set_color_key
 .text.reset_cpu
                0x0000000017821900       0x28 drivers/built-in.o
                0x0000000017821900                reset_cpu
 .text.thermal_get_temp
                0x0000000017821928       0x20 drivers/built-in.o
                0x0000000017821928                thermal_get_temp
 .text.read_cpu_temperature
                0x0000000017821948      0x150 drivers/built-in.o
 .text.imx_thermal_get_temp
                0x0000000017821a98       0x48 drivers/built-in.o
                0x0000000017821a98                imx_thermal_get_temp
 .text.imx_thermal_probe
                0x0000000017821ae0       0x7c drivers/built-in.o
 .text.gpio_set_value
                0x0000000017821b5c       0x44 drivers/gpio/built-in.o
                0x0000000017821b5c                gpio_set_value
 .text.gpio_get_value
                0x0000000017821ba0       0x34 drivers/gpio/built-in.o
                0x0000000017821ba0                gpio_get_value
 .text.gpio_request
                0x0000000017821bd4       0x10 drivers/gpio/built-in.o
                0x0000000017821bd4                gpio_request
 .text.gpio_free
                0x0000000017821be4        0x8 drivers/gpio/built-in.o
                0x0000000017821be4                gpio_free
 .text.gpio_direction_input
                0x0000000017821bec       0x3c drivers/gpio/built-in.o
                0x0000000017821bec                gpio_direction_input
 .text.gpio_direction_output
                0x0000000017821c28       0x50 drivers/gpio/built-in.o
                0x0000000017821c28                gpio_direction_output
 .text.i2c_get_adapter
                0x0000000017821c78       0x64 drivers/i2c/built-in.o
                0x0000000017821c78                i2c_get_adapter
 .text.i2c_init_bus
                0x0000000017821cdc       0x90 drivers/i2c/built-in.o
 .text.i2c_get_bus_num
                0x0000000017821d6c        0x8 drivers/i2c/built-in.o
                0x0000000017821d6c                i2c_get_bus_num
 .text.i2c_set_bus_num
                0x0000000017821d74       0xb8 drivers/i2c/built-in.o
                0x0000000017821d74                i2c_set_bus_num
 .text.i2c_init_all
                0x0000000017821e2c       0x14 drivers/i2c/built-in.o
                0x0000000017821e2c                i2c_init_all
 .text.i2c_probe
                0x0000000017821e40       0x2c drivers/i2c/built-in.o
                0x0000000017821e40                i2c_probe
 .text.i2c_read
                0x0000000017821e6c       0x4c drivers/i2c/built-in.o
                0x0000000017821e6c                i2c_read
 .text.i2c_write
                0x0000000017821eb8       0x4c drivers/i2c/built-in.o